1024+0 records in
1024+0 records out
536870912 bytes (537 MB) copied, 6.90805 s, 77.7 MB/s
