	Command being timed: "bash -c dd if=/dev/zero of=/tmp/tmpfile bs=512k count=1024 oflag=direct 2> >(tee /home/spuser/pid_monitor/rundir/EXAMPLE-SWEEP/20150630-105159/data/raw/BLOCK_SIZE_KB=512.2.workload.stderr) 1> >(tee /home/spuser/pid_monitor/rundir/EXAMPLE-SWEEP/20150630-105159/data/raw/BLOCK_SIZE_KB=512.2.workload.stdout)"
	User time (seconds): 0.00
	System time (seconds): 0.13
	Percent of CPU this job got: 1%
	Elapsed (wall clock) time (h:mm:ss or m:ss): 0:06.91
	Average shared text size (kbytes): 0
	Average unshared data size (kbytes): 0
	Average stack size (kbytes): 0
	Average total size (kbytes): 0
	Maximum resident set size (kbytes): 4672
	Average resident set size (kbytes): 0
	Major (requiring I/O) page faults: 0
	Minor (reclaiming a frame) page faults: 326
	Voluntary context switches: 1027
	Involuntary context switches: 11
	Swaps: 0
	File system inputs: 0
	File system outputs: 1048576
	Socket messages sent: 0
	Socket messages received: 0
	Signals delivered: 0
	Page size (bytes): 65536
	Exit status: 0
