1024+0 records in
1024+0 records out
268435456 bytes (268 MB) copied, 5.48259 s, 49.0 MB/s
