1024+0 records in
1024+0 records out
268435456 bytes (268 MB) copied, 5.49706 s, 48.8 MB/s
