1024+0 records in
1024+0 records out
134217728 bytes (134 MB) copied, 4.80782 s, 27.9 MB/s
