1024+0 records in
1024+0 records out
134217728 bytes (134 MB) copied, 4.79634 s, 28.0 MB/s
